selected+solved+verified 60 in 4.8s

 n  tier          mv cluster w pcs cars trk br ofm conf  board
  1 beginner       5    5530 0   7    5   1  6   6    0  oooBBoCCCoGoAAFoGoooFDDooEEooooooooo
  2 beginner       6     829 0   9    5   3  4   4    0  GooBBBGooHoIGAAHoICCCDDoEEFFoooooooo
  3 beginner       6    1530 0   6    5   0  3   3    0  oooDBBooCDoEooCAAEoooooFoooooFoooooo
  4 beginner       7     144 0  10    7   2  3   4    0  oHoIooFHoIBBFHAAoJCCoooJGDDEEEGooooo
  5 beginner       8    1196 0   9    7   1  3   3    0  BBCCIooooGIoAAFGooooFHDDEEEHoooooooo
  6 beginner       8    1412 0   8    5   2  3   3    0  DoEoooDoEBBBDAAFHooooFHooooGooCCoGoo
  7 beginner       9      85 0  10    5   4  2   5    0  ooHooJoFHooJoFHAAJoGIBBBEGIoooEGCCDD
  8 beginner       9     930 0   9    6   2  5   5    0  oBBBoHoooGoHAAoGoICCoooIFDDEEEFooooo
  9 beginner      10    3084 0   8    4   3  9   3    0  oBBoGHoooFGHoAAFGHoDEooooDECCCoooooo
 10 beginner      11     449 0   7    2   4  4   2    0  ooEoooooEooGAAEooGDoBBBGDoooFoDCCoFo
 11 beginner      11    6890 0  10    8   1  5   6    0  oBBHCCoFoHoJoFAAIJoFDDIoooGEEoooGooo
 12 beginner      12    3031 0   9    6   2  7   5    0  ooBBoIoCCCoIoAAGoIoDDGooooFHEEooFHoo
 13 intermediate  13     797 0  11    6   4  6   3    0  BBCCJKoooIJKAAoIJKGHooooGHDDEEGHoFFo
 14 intermediate  14    4681 0  10    7   2  4   7    0  oBBCCCoooDDJoooAAJEEFFIJoooHIooooHGG
 15 intermediate  14    9980 0  12    8   3  5   4    1  ooIBBLooICCLoAAJKLoDDJKooEEEFFoGGHHH
 16 intermediate  15    3025 0  11    8   2  5   3    1  BBooJKCCooJKoGAAJKoGIooooHIDDooHEEFF
 17 intermediate  16    6947 0  12    8   3  4   2    0  EFGBBBEFGHooEAAHIKoooHIKooooJLCCDDJL
 18 intermediate  16   11389 1  13    8   3  6   6    3  ooBBooCCooLMAAooLMJxEELMJFFKGGJHHKII
 19 intermediate  17    5876 0  11    7   3  7   5    1  BBCCCKGHooJKGHAAJKoHooooooIDDoEEIFFo
 20 intermediate  17   10185 0  14   12   1  7   6    2  JoBBCCJDDoMNKAAoMNKEEFFNoLoGGooLHHII
 21 intermediate  18     301 0  10    6   3  4   3    0  BBBHJoooGHJoAAGIoooooIooFCCIDDFEEEoo
 22 intermediate  19    5442 1  11    9   0  6   6    0  xCCDDJooEEoJooHAAKGoHIoKGooIFFoooooo
 23 intermediate  19    8271 0  12    8   3  3   2    1  GBBCCCGHooooGHAAJKDDIoJKooIEELFFFooL
 24 intermediate  20   18673 0  10    7   2  7   4    0  BBGIooooGIooAAHIoJEoHooJEFCCoJoFDDoo
 25 advanced      21    1889 0  13    8   4  6   5    0  BBBCCLDDDoKLAAooKMJEEFFMJGGoHHJoIIIo
 26 advanced      22    6392 0  11    8   2  3   2    0  GBBCCKGooJoKHAAJoKHDDJooooIEEoFFIooo
 27 advanced      22    7516 0  12    8   3  5   3    1  BBIooLFGIoKLFGAAKLFHoJoooHoJCCDDEEEo
 28 advanced      23    1960 1  13    9   2  4   3    0  oHBBoxoHJLDDAAJLoMooKEEMGIKoooGIKFFF
 29 advanced      24    4932 0  10    6   3  5   3    0  EooGBBEooGIoEoAAIJCCCHIJooFHooooFDDo
 30 advanced      25     417 0  12    7   4  4   3    0  BBBGIKooFGIKAAFooLEoFCCLEooHJLDDDHJo
 31 advanced      25    1089 0  14   10   3  3   3    2  ooJBBBGoJCCCGAAKLMHDDKLMHIEEENoIFFoN
 32 advanced      26   16911 1  13    9   2  4   3    0  BBoJLMoHxJLMoHAALMDDIoooGoIKEEGFFKoo
 33 advanced      27    1895 0  14   10   3  4   2    0  BBBCCMGDDKoMGAAKLNHIEELNHIJoooHIJoFF
 34 advanced      28    1534 0  10    7   2  4   3    0  FoBBCCFoGDDDAAGooIoooHoIEEEHoJoooooJ
 35 advanced      28    3898 0  13   10   2  5   3    0  IJBBCCIJDDLMoJAALMEEKoLoooKFFooGGHHo
 36 advanced      29    7765 2  14   10   1  4   5    0  xICCLMoIDDLMoAAKoNxoJKoNHoJFFFHoooGG
 37 expert        30    7989 0  12    9   2  3   5    0  BBBKooooJKCCAAJooLDDEEoLIFFFGGIoooHH
 38 expert        31    3207 0  13    9   3  6   4    0  ooGoBBEFGoJLEFAAJLEFHCCMooHIKMoDDIKM
 39 expert        32   13454 1  14   10   2  3   3    2  ooJBBBxoJKDDHAAKLMHIooLMoIEELNoFFGGN
 40 expert        33   26669 0  12   10   1  7   4    1  oooHBBooGHJKAAGIJKCCoIoLFDDDoLFEEooo
 41 expert        34   22376 0  13   10   2  5   2    0  FBBoKLFoIoKLGHIAAMGHICCMoooJDDEEEJoo
 42 expert        35    2081 0  12    7   4  4   3    0  oBBBCCooHooKAAHoJKGoDDJLGEEIJLFFFIoL
 43 expert        35    3888 1  14   10   2  4   4    0  xoCCLMHDDJLMHAAJLNHoIKoNooIKEEFFGGoo
 44 expert        36    4886 0  10    7   2  3   4    0  BBFooJEoFCCJEoAAHooooGHoDDDGIooooGIo
 45 expert        37    1625 1  14    9   3  4   3    1  ooJBBBCCJKLMIAAKLMIDDooNEEoxoNGGGHHN
 46 expert        38    8401 0  12    7   4  4   4    1  BBBIJoCCCIJoAAoIKLGoDDKLGoHEELFFHooo
 47 expert        39    4053 0  13   10   2  3   4    1  GBBKooGIJKCCHIJAALHDDDoLEEoooMFFFooM
 48 expert        40    2430 2  15   11   1  4   3    0  BBMooxLoMDDOLAANoOoEENFFGGGHHoxoJJKK
 49 grandmaster   41    5643 0  12    8   3  4   3    2  BBICCoDDIoKoHAAoKLHEEEKLHooJFFGGoJoo
 50 grandmaster   42    1480 1  11    5   4  3   3    2  BBCCCKooIooKooIAAKHoIJDDHEEJoooxGGGo
 51 grandmaster   44   11222 0  13    9   3  5   3    1  HoBBBMHCCJLMAAIJLMDDIKLooooKEEoFFGGo
 52 grandmaster   45    4290 1  14   11   1  4   4    2  BBoxDDJEEFFNJAAMoNGGLMooKoLHHoKIIIoo
 53 grandmaster   46   12990 0  12    9   2  3   2    2  BBBKLoHCCKLoHoAALoDDJooooIJEEooIFFGG
 54 grandmaster   47    6625 2  13    8   2  3   2    0  BBCCoxEEoLoxJAALoMJoKGGMHHKoooooKIII
 55 grandmaster   49    2616 0  13   10   2  3   1    1  oooJBBoCCJLoAAIKLoDDIKEEHFFFoMHGGGoM
 56 grandmaster   50    4643 0  12    9   2  4   3    0  ooIBBBooIKooAAJKoLCCJDDLGHEEoLGHFFoo
 57 grandmaster   50   14385 1  14   11   1  3   1    1  BBIooMGHIoLMGHAALNGCCKoNooJKDDooJEEx
 58 grandmaster   51    4780 0  13    9   3  3   2    0  GBBoLoGHIoLMGHIAAMCCCKoMooJKDDEEJFFo
 59 grandmaster   52    7178 2  14   10   1  4   4    2  oxCCMNDDDKMNAAJKooooJEEoIFFLooIGGLox
 60 grandmaster   60    2332 1  13    9   2  1   1    1  IBBxooIooLDDJAALooJoKEEMFFKooMGGHHHM

max per (kind,colour) across deck: {('car', 'blue'): 4, ('truck', 'yellow'): 2, ('car', 'yellow'): 4, ('car', 'green'): 4, ('truck', 'blue'): 1, ('truck', 'green'): 1}
max pairwise similarity: 0.47
pylon cards per tier: {'beginner': 0, 'intermediate': 2, 'advanced': 3, 'expert': 4, 'grandmaster': 6}  1p: 11  2p: 4
band populations post-filter: {'beginner': 1412405, 'intermediate': 954576, 'advanced': 139670, 'expert': 9718, 'grandmaster': 424}
band populations with walls : {'beginner': 1136680, 'intermediate': 806110, 'advanced': 119987, 'expert': 8155, 'grandmaster': 308}
pieces_total range per tier: {'beginner': (6, 10), 'intermediate': (10, 14), 'advanced': (10, 14), 'expert': (10, 15), 'grandmaster': (11, 14)}
size of deck-candidate.json: 144790 bytes
